/home/pmhuy/Documents/Embedded C - ML_IoT/mliot-embeddedc-2026-hw/week04/task03_blinkedLed/Core/Src/main.c:65:5:main	8	static
/home/pmhuy/Documents/Embedded C - ML_IoT/mliot-embeddedc-2026-hw/week04/task03_blinkedLed/Core/Src/main.c:112:6:SystemClock_Config	72	static
/home/pmhuy/Documents/Embedded C - ML_IoT/mliot-embeddedc-2026-hw/week04/task03_blinkedLed/Core/Src/main.c:149:13:MX_GPIO_Init	32	static
/home/pmhuy/Documents/Embedded C - ML_IoT/mliot-embeddedc-2026-hw/week04/task03_blinkedLed/Core/Src/main.c:182:6:Error_Handler	4	static
